PASS security headers on /
PASS no x-powered-by
PASS home renders correct UTF-8 text
PASS sensitive path not served /.env {"status":404}
PASS sensitive path not served /.env.local {"status":404}
PASS sensitive path not served /.env.example {"status":404}
PASS sensitive path not served /.git/config {"status":404}
PASS sensitive path not served /prisma/schema.prisma {"status":404}
PASS sensitive path not served /package.json {"status":404}
PASS sensitive path not served /next.config.ts {"status":404}
PASS sensitive path not served /src/proxy.ts {"status":404}
PASS sensitive path not served /.next/server/app/page.js {"status":404}
PASS sensitive path not served /_next/../.env.local {"status":404}
PASS sensitive path not served /%2e%2e/.env.local {"status":404}
PASS sensitive path not served /supabase/policies/runtime-role.sql {"status":404}
PASS sensitive path not served /supabase/policies/farmer-registry-runtime.sql {"status":404}
PASS sensitive path not served /.cache/phase01-provider-admin.env {"status":404}
PASS sensitive path not served /.cache/phase02/p2-common.mjs {"status":404}
PASS sensitive path not served /src/modules/farmer-registry/infrastructure/repository.ts {"status":404}
PASS anonymous /api/v1/session -> 401 {"status":401,"error":"UNAUTHENTICATED"}
PASS anonymous /api/v1/health -> 401 {"status":401,"error":"UNAUTHENTICATED"}
PASS anonymous /api/v1/scopes/11111111-1111-4111-8111-111111111111 -> 401 {"status":401,"error":"UNAUTHENTICATED"}
PASS anonymous /api/v1/scopes/not-a-uuid -> 400 {"status":400,"error":"INVALID_INPUT"}
PASS anonymous /api/v1/farmer -> 401 {"status":401,"error":"UNAUTHENTICATED"}
PASS anonymous /api/v1/farms -> 401 {"status":401,"error":"UNAUTHENTICATED"}
PASS anonymous /api/v1/farms/11111111-1111-4111-8111-111111111111 -> 401 {"status":401,"error":"UNAUTHENTICATED"}
PASS anonymous /api/v1/farms/not-a-uuid -> 401 {"status":401,"error":"UNAUTHENTICATED"}
PASS file grant without Origin denied {"status":403}
PASS file grant cross-origin denied {"status":403}
PASS file grant wrong content-type rejected {"status":400}
PASS file grant malformed JSON rejected {"status":400}
PASS file grant unknown field rejected (strict schema) {"status":400}
PASS file grant valid shape but anonymous -> 401 {"status":401}
PASS file grant path traversal object id rejected {"status":401}
PASS unsupported method on session -> 405 {"status":405}
PASS protected page /workspace -> real 307 to sign-in, no content, no-store {"status":307}
PASS protected page /admin -> real 307 to sign-in, no content, no-store {"status":307}
PASS protected page /agent -> real 307 to sign-in, no content, no-store {"status":307}
PASS protected page /farmer -> real 307 to sign-in, no content, no-store {"status":307}
PASS protected page /farmer/edit -> real 307 to sign-in, no content, no-store {"status":307}
PASS protected page /farms -> real 307 to sign-in, no content, no-store {"status":307}
PASS protected page /farms/new -> real 307 to sign-in, no content, no-store {"status":307}
PASS protected page /farms/11111111-1111-4111-8111-111111111111 -> real 307 to sign-in, no content, no-store {"status":307}
PASS registry POST /api/v1/farmer cross-origin 403, same-origin anonymous 401 {"cross":403,"anonymous":401}
PASS registry PATCH /api/v1/farmer cross-origin 403, same-origin anonymous 401 {"cross":403,"anonymous":401}
PASS registry POST /api/v1/farms cross-origin 403, same-origin anonymous 401 {"cross":403,"anonymous":401}
PASS registry POST /api/v1/farms/{id}/plots cross-origin 403, same-origin anonymous 401 {"cross":403,"anonymous":401}
PASS forged auth cookie treated as unauthenticated {"status":401}
PASS server logs contain no secrets/stack traces
{"total":49,"passed":49,"failed":0}
