
> myfarm@0.1.0 build
> prisma generate && next build

Loaded Prisma config from prisma.config.ts.

Prisma schema loaded from prisma\schema.prisma.
┌─────────────────────────────────────────────────────────┐
│  Update available 7.10.0 -> 8.0.0-rc.22                 │
│                                                         │
│  This is a major update - please follow the guide at    │
│  https://pris.ly/d/major-version-upgrade                │
│                                                         │
│  Run the following to update                            │
│    npm i --save-dev prisma@latest                       │
│    npm i @prisma/client@latest                          │
└─────────────────────────────────────────────────────────┘

✔ Generated Prisma Client (7.10.0) to .\src\generated\prisma in 65ms

▲ Next.js 16.4.0 (Turbopack)
- Environments: .env.local
✓ Running next.config.ts took 3.1s

  Creating an optimized production build ...
✓ Compiled successfully in 34.6s
  Running TypeScript ...
  Finished TypeScript in 3.0s ...
  Collecting page data using 5 workers ...
  Generating static pages using 5 workers (0/7) ...
  Generating static pages using 5 workers (1/7) 
  Generating static pages using 5 workers (3/7) 
  Generating static pages using 5 workers (5/7) 
✓ Generating static pages using 5 workers (7/7) in 229ms
  Finalizing page optimization ...

Route (app)
┌ ○ /
├ ○ /_not-found
├ ƒ /admin
├ ƒ /agent
├ ƒ /api/health
├ ƒ /api/v1/health
├ ƒ /api/v1/scopes/[scopeId]
├ ƒ /api/v1/scopes/[scopeId]/files/[objectId]
├ ƒ /api/v1/session
├ ○ /forbidden
├ ○ /icon.svg
├ ○ /manifest.webmanifest
├ ƒ /sign-in
└ ƒ /workspace


ƒ Proxy (Middleware)

○  (Static)   prerendered as static content
ƒ  (Dynamic)  server-rendered on demand

