PASS security headers on /
PASS no x-powered-by
PASS home renders correct UTF-8 text
PASS sensitive path not served /.env {"status":404}
PASS sensitive path not served /.env.local {"status":404}
PASS sensitive path not served /.env.example {"status":404}
PASS sensitive path not served /.git/config {"status":404}
PASS sensitive path not served /prisma/schema.prisma {"status":404}
PASS sensitive path not served /package.json {"status":404}
PASS sensitive path not served /next.config.ts {"status":404}
PASS sensitive path not served /src/proxy.ts {"status":404}
PASS sensitive path not served /.next/server/app/page.js {"status":404}
PASS sensitive path not served /_next/../.env.local {"status":404}
PASS sensitive path not served /%2e%2e/.env.local {"status":404}
PASS sensitive path not served /supabase/policies/runtime-role.sql {"status":404}
PASS sensitive path not served /.cache/phase01-provider-admin.env {"status":404}
PASS anonymous /api/v1/session -> 401 {"status":401,"error":"UNAUTHENTICATED"}
PASS anonymous /api/v1/health -> 401 {"status":401,"error":"UNAUTHENTICATED"}
PASS anonymous /api/v1/scopes/11111111-1111-4111-8111-111111111111 -> 401 {"status":401,"error":"UNAUTHENTICATED"}
PASS anonymous /api/v1/scopes/not-a-uuid -> 400 {"status":400,"error":"INVALID_INPUT"}
PASS file grant without Origin denied {"status":403}
PASS file grant cross-origin denied {"status":403}
PASS file grant wrong content-type rejected {"status":400}
PASS file grant malformed JSON rejected {"status":400}
PASS file grant unknown field rejected (strict schema) {"status":400}
PASS file grant valid shape but anonymous -> 401 {"status":401}
PASS file grant path traversal object id rejected {"status":401}
PASS unsupported method on session -> 405 {"status":405}
PASS protected page denies anonymous /workspace (no content, redirect to sign-in, no-store) {"status":200,"leaked":[]}
PASS protected page denies anonymous /admin (no content, redirect to sign-in, no-store) {"status":200,"leaked":[]}
PASS protected page denies anonymous /agent (no content, redirect to sign-in, no-store) {"status":200,"leaked":[]}
PASS forged auth cookie treated as unauthenticated {"status":401}
PASS server logs contain no secrets/stack traces
{"total":33,"passed":33,"failed":0}
