$ npm run test:e2e -- --reporter=list

> myfarm@0.1.0 test:e2e
> playwright test --reporter=list


Running 20 tests using 3 workers

  ok  3 [desktop] › tests\e2e\farmer-registry.spec.ts:19:1 › registry commands reject cross-origin requests (261ms)
  ok  2 [desktop] › tests\e2e\farmer-registry.spec.ts:8:1 › anonymous registry APIs fail closed with no caching or detail (575ms)
  ok  4 [desktop] › tests\e2e\foundation.spec.ts:2:1 › public shell works on desktop and mobile (1.6s)
  ok  6 [desktop] › tests\e2e\foundation.spec.ts:14:1 › anonymous APIs fail closed with no caching (98ms)
  ok  5 [desktop] › tests\e2e\foundation.spec.ts:9:1 › anonymous users cannot open protected workspace (1.3s)
  ok  7 [desktop] › tests\e2e\foundation.spec.ts:20:1 › health and manifest expose no secrets (278ms)
  ok  1 [desktop] › tests\e2e\farmer-registry.spec.ts:3:1 › anonymous users cannot open registry pages (2.3s)
  ok 10 [desktop] › tests\e2e\foundation.spec.ts:35:1 › private-file grants reject cross-origin requests (108ms)
  ok  8 [desktop] › tests\e2e\foundation.spec.ts:25:1 › keyboard skip link targets content (511ms)
  ok  9 [desktop] › tests\e2e\foundation.spec.ts:30:1 › invalid sign-in is rejected without auth request (544ms)
  ok 13 [mobile] › tests\e2e\farmer-registry.spec.ts:19:1 › registry commands reject cross-origin requests (191ms)
  ok 11 [mobile] › tests\e2e\farmer-registry.spec.ts:8:1 › anonymous registry APIs fail closed with no caching or detail (355ms)
  ok 14 [mobile] › tests\e2e\foundation.spec.ts:9:1 › anonymous users cannot open protected workspace (1.7s)
  ok 16 [mobile] › tests\e2e\foundation.spec.ts:14:1 › anonymous APIs fail closed with no caching (192ms)
  ok 15 [mobile] › tests\e2e\foundation.spec.ts:2:1 › public shell works on desktop and mobile (2.1s)
  ok 17 [mobile] › tests\e2e\foundation.spec.ts:20:1 › health and manifest expose no secrets (63ms)
  ok 12 [mobile] › tests\e2e\farmer-registry.spec.ts:3:1 › anonymous users cannot open registry pages (2.6s)
  ok 20 [mobile] › tests\e2e\foundation.spec.ts:35:1 › private-file grants reject cross-origin requests (67ms)
  ok 18 [mobile] › tests\e2e\foundation.spec.ts:25:1 › keyboard skip link targets content (387ms)
  ok 19 [mobile] › tests\e2e\foundation.spec.ts:30:1 › invalid sign-in is rejected without auth request (476ms)

  20 passed (10.5s)
(node:16132) Warning: The 'NO_COLOR' env is ignored due to the 'FORCE_COLOR' env being set.
(Use `node --trace-warnings ...` to show where the warning was created)
(node:14056) Warning: The 'NO_COLOR' env is ignored due to the 'FORCE_COLOR' env being set.
(Use `node --trace-warnings ...` to show where the warning was created)
(node:26404) Warning: The 'NO_COLOR' env is ignored due to the 'FORCE_COLOR' env being set.
(Use `node --trace-warnings ...` to show where the warning was created)
[WebServer] {"event":"request_failed","requestId":"afd70c77-728e-407b-93ef-70c8774cf059","code":"UNAUTHENTICATED"}
[WebServer] {"event":"request_failed","requestId":"ef16d296-46db-4866-bd47-d6f9d25341f5","code":"FORBIDDEN"}
[WebServer] {"event":"request_failed","requestId":"cfa59c13-a991-4e6d-97a5-d0ca10933a92","code":"UNAUTHENTICATED"}
[WebServer] {"event":"request_failed","requestId":"7bd26299-814c-421e-984d-a16bf7686227","code":"FORBIDDEN"}
[WebServer] {"event":"request_failed","requestId":"cd6b91fc-61e7-4221-a2a3-00b4721e73b9","code":"UNAUTHENTICATED"}
[WebServer] {"event":"request_failed","requestId":"2ecc2aee-e87b-476d-83f6-68b5eddc3325","code":"FORBIDDEN"}
[WebServer] {"event":"request_failed","requestId":"8ba39973-598b-4c16-a31e-2b847df450d3","code":"UNAUTHENTICATED"}
[WebServer] {"event":"request_failed","requestId":"253c28da-1f2e-476d-b677-5f5e137e2676","code":"UNAUTHENTICATED"}
[WebServer] {"event":"request_failed","requestId":"5c454e39-f684-4c1d-bbb4-5b06f54e4d43","code":"UNAUTHENTICATED"}
[WebServer] {"event":"request_failed","requestId":"297ecf9a-190d-45f6-8d0a-561f149c9a76","code":"UNAUTHENTICATED"}
[WebServer] {"event":"request_failed","requestId":"73348379-059f-402d-bd32-af713149f69c","code":"UNAUTHENTICATED"}
[WebServer] {"event":"request_failed","requestId":"1547ef7d-dbc3-4714-ba78-7b7a57612413","code":"UNAUTHENTICATED"}
[WebServer] {"event":"request_failed","requestId":"02a7f69d-9386-4e50-ba19-9e2cddc81352","code":"UNAUTHENTICATED"}
[WebServer] {"event":"request_failed","requestId":"69adbe37-baf1-4655-9fff-e64be7b97bcf","code":"UNAUTHENTICATED"}
[WebServer] {"event":"request_failed","requestId":"c1c77109-860a-4da7-9913-c3774350dbac","code":"FORBIDDEN"}
(node:3728) Warning: The 'NO_COLOR' env is ignored due to the 'FORCE_COLOR' env being set.
(Use `node --trace-warnings ...` to show where the warning was created)
(node:16092) Warning: The 'NO_COLOR' env is ignored due to the 'FORCE_COLOR' env being set.
(Use `node --trace-warnings ...` to show where the warning was created)
(node:26016) Warning: The 'NO_COLOR' env is ignored due to the 'FORCE_COLOR' env being set.
(Use `node --trace-warnings ...` to show where the warning was created)
[WebServer] {"event":"request_failed","requestId":"7dcf318f-66cf-4d4e-a624-e7d3657a021f","code":"UNAUTHENTICATED"}
[WebServer] {"event":"request_failed","requestId":"793af54f-80f3-45d7-9a02-d95c4f034288","code":"UNAUTHENTICATED"}
[WebServer] {"event":"request_failed","requestId":"406ba9bf-6c73-48ad-ba0a-d5bc0eaca3d5","code":"UNAUTHENTICATED"}
[WebServer] {"event":"request_failed","requestId":"352bc986-e4cc-4ec2-ab98-8ca504ee3983","code":"UNAUTHENTICATED"}
[WebServer] {"event":"request_failed","requestId":"da5e1474-4573-4c71-b160-00ed38b26996","code":"UNAUTHENTICATED"}
[WebServer] {"event":"request_failed","requestId":"fd73a6cc-d05e-4139-9d7e-b69ef0d06fb4","code":"UNAUTHENTICATED"}
[WebServer] {"event":"request_failed","requestId":"677d6a45-6500-4ed6-89e7-3aeb2f61cb9f","code":"UNAUTHENTICATED"}
[WebServer] {"event":"request_failed","requestId":"c58a396f-65de-445f-9163-93d45f32534b","code":"UNAUTHENTICATED"}
[WebServer] {"event":"request_failed","requestId":"3d3d436d-bc62-45d4-b2c9-118934376bd1","code":"FORBIDDEN"}
[WebServer] {"event":"request_failed","requestId":"b29f15b9-ffda-4798-bec6-c1065020eccb","code":"FORBIDDEN"}
[WebServer] {"event":"request_failed","requestId":"25e27902-325f-44a1-bae0-b8a1d1084552","code":"FORBIDDEN"}
[WebServer] {"event":"request_failed","requestId":"f3e9c91e-3a0e-437a-bdb6-8768d5a69414","code":"UNAUTHENTICATED"}
[WebServer] {"event":"request_failed","requestId":"60a03755-0d20-4aa3-9bb6-8ddc1a49f877","code":"UNAUTHENTICATED"}
[WebServer] {"event":"request_failed","requestId":"369728cd-a9c4-412c-8f5d-907b55d7fab8","code":"UNAUTHENTICATED"}
[WebServer] {"event":"request_failed","requestId":"42ef12ca-357c-46f9-b7d4-836708fe4950","code":"FORBIDDEN"}
