# Hosted dev catalog diff: catalog-before.json (2026-10-09T20:43Z) vs catalog-after.json (2026-10-10), read-only snapshots by hosted-verify.mjs
--- role: removed 0, added 0
--- policies: removed 0, added 0
--- relationAcl: removed 16, added 0
  - {"nspname":"public","relname":"_prisma_migrations","relkind":"r","relrowsecurity":true,"grantee":"anon","privilege_type":"DELETE"}
  - {"nspname":"public","relname":"_prisma_migrations","relkind":"r","relrowsecurity":true,"grantee":"anon","privilege_type":"INSERT"}
  - {"nspname":"public","relname":"_prisma_migrations","relkind":"r","relrowsecurity":true,"grantee":"anon","privilege_type":"MAINTAIN"}
  - {"nspname":"public","relname":"_prisma_migrations","relkind":"r","relrowsecurity":true,"grantee":"anon","privilege_type":"REFERENCES"}
  - {"nspname":"public","relname":"_prisma_migrations","relkind":"r","relrowsecurity":true,"grantee":"anon","privilege_type":"SELECT"}
  - {"nspname":"public","relname":"_prisma_migrations","relkind":"r","relrowsecurity":true,"grantee":"anon","privilege_type":"TRIGGER"}
  - {"nspname":"public","relname":"_prisma_migrations","relkind":"r","relrowsecurity":true,"grantee":"anon","privilege_type":"TRUNCATE"}
  - {"nspname":"public","relname":"_prisma_migrations","relkind":"r","relrowsecurity":true,"grantee":"anon","privilege_type":"UPDATE"}
  - {"nspname":"public","relname":"_prisma_migrations","relkind":"r","relrowsecurity":true,"grantee":"authenticated","privilege_type":"DELETE"}
  - {"nspname":"public","relname":"_prisma_migrations","relkind":"r","relrowsecurity":true,"grantee":"authenticated","privilege_type":"INSERT"}
  - {"nspname":"public","relname":"_prisma_migrations","relkind":"r","relrowsecurity":true,"grantee":"authenticated","privilege_type":"MAINTAIN"}
  - {"nspname":"public","relname":"_prisma_migrations","relkind":"r","relrowsecurity":true,"grantee":"authenticated","privilege_type":"REFERENCES"}
  - {"nspname":"public","relname":"_prisma_migrations","relkind":"r","relrowsecurity":true,"grantee":"authenticated","privilege_type":"SELECT"}
  - {"nspname":"public","relname":"_prisma_migrations","relkind":"r","relrowsecurity":true,"grantee":"authenticated","privilege_type":"TRIGGER"}
  - {"nspname":"public","relname":"_prisma_migrations","relkind":"r","relrowsecurity":true,"grantee":"authenticated","privilege_type":"TRUNCATE"}
  - {"nspname":"public","relname":"_prisma_migrations","relkind":"r","relrowsecurity":true,"grantee":"authenticated","privilege_type":"UPDATE"}
--- columnAcl: removed 0, added 0
--- functions: removed 2, added 2
  - {"nspname":"myfarm_private","signature":"myfarm_private.myfarm_can_read_storage(text)","prosecdef":true,"body":"52a3abc064ae27c709c59974da234be6","grantee":"authenticated","privilege_type":"EXECUTE"}
  - {"nspname":"myfarm_private","signature":"myfarm_private.myfarm_can_read_storage(text)","prosecdef":true,"body":"52a3abc064ae27c709c59974da234be6","grantee":"postgres","privilege_type":"EXECUTE"}
  + {"nspname":"myfarm_private","signature":"myfarm_private.myfarm_can_read_storage(text)","prosecdef":true,"body":"99c21a754de18a1ff4aa6967fc4f1e57","grantee":"authenticated","privilege_type":"EXECUTE"}
  + {"nspname":"myfarm_private","signature":"myfarm_private.myfarm_can_read_storage(text)","prosecdef":true,"body":"99c21a754de18a1ff4aa6967fc4f1e57","grantee":"postgres","privilege_type":"EXECUTE"}
--- defaultAcl: removed 3, added 4
  - {"creator":"postgres","schema":"public","type":"f","acl":"{postgres=X/postgres,anon=X/postgres,authenticated=X/postgres,service_role=X/postgres}"}
  - {"creator":"postgres","schema":"public","type":"r","acl":"{postgres=arwdDxtm/postgres,anon=arwdDxtm/postgres,authenticated=arwdDxtm/postgres,service_role=arwdDxtm/postgres}"}
  - {"creator":"postgres","schema":"public","type":"S","acl":"{postgres=rwU/postgres,anon=rwU/postgres,authenticated=rwU/postgres,service_role=rwU/postgres}"}
  + {"creator":"postgres","schema":"<global>","type":"f","acl":"{postgres=X/postgres}"}
  + {"creator":"postgres","schema":"public","type":"f","acl":"{postgres=X/postgres,service_role=X/postgres}"}
  + {"creator":"postgres","schema":"public","type":"r","acl":"{postgres=arwdDxtm/postgres,service_role=arwdDxtm/postgres}"}
  + {"creator":"postgres","schema":"public","type":"S","acl":"{postgres=rwU/postgres,service_role=rwU/postgres}"}
--- buckets: removed 0, added 0
--- appRows: removed 0, added 0
--- myfarm_runtime grants, column grants, function grants and policies identical before/after: true
--- myfarm_can_read_storage body md5 52a3abc0... -> 99c21a75...: supabase/policies/private-storage.sql body hashes to 52a3abc0... with CRLF line endings and 99c21a75... with LF (same text at f787415 and 5545257); hosted previously held the CRLF copy, now the repository LF copy. No logic change.
